[     147ms] [ERROR] Loading the font 'data:application/font-woff;charset=utf-8;base64, d09GRgABAAAAAAZgABAAAAAADAAAAAAAAAAAAAAAAAAAAAAAAAAAAAAAAABGRlRNAAAGRAAAABoAAAAci6qHkUdERUYAAAWgAAAAIwAAACQAYABXR1BPUwAABhQAAAAuAAAANuAY7+xHU1VCAAAFxAAAAFAAAABm2fPczU9TLzIAAAHcAAAASgAAAGBP9V5RY21hcAAAAkQAAACIAAABYt6F0cBjdnQgAAACzAAAAAQAAAAEABEBRGdhc3AAAAWYAAAACAAAAAj//wADZ2x5ZgAAAywAAADMAAAD2MHtryVoZWFkAAABbAAAADAAAAA2E2+eoWhoZWEAAAGcAAAAHwAAACQC9gDzaG10eAAAAigAAAAZAAAArgJkABFsb2NhAAAC0AAAAFoAAABaFQAUGG1heHAAAAG8AAAAHwAAACAAcABAbmFtZQAAA/gAAAE5AAACXvFdBwlwb3...OnYercZg2YVmLN/d/gczfEimrE/fs/bOuq29Zmn8tloORaXgZgGa78yO9/cnXm2BpaGvq25Dv9S4E9+5SIc9PqupJKhYFSSl47+Qcr1mYNAAAAeNptw0cKwkAAAMDZJA8Q7OUJvkLsPfZ6zFVERPy8qHh2YER+3i/BP83vIBLLySsoKimrqKqpa2hp6+jq6RsYGhmbmJqZSy0sraxtbO3sHRydnEMU4uR6yx7JJXveP7WrDycAAAAAAAH//wACeNpjYGRgYOABYhkgZgJCZgZNBkYGLQZtIJsFLMYAAAw3ALgAeNolizEKgDAQBCchRbC2sFER0YD6qVQiBCv/H9ezGI6Z5XBAw8CBK/m5iQQVauVbXLnOrMZv2oLdKFa8Pjuru2hJzGabmOSLzNMzvutpB3N42mNgZGBg4GKQYzBhYMxJLMlj4GBgAYow/P/PAJJhLM6sSoWKfWCAAwDAjgbRAAB42mNgYGBkAIIbCZo5IPrmUn0hGA0AO8EFTQAA' violates the following Content Security Policy directive: "font-src 'self' https://fonts.gstatic.com". The action has been blocked. @ http://localhost:3010/table?id=5:0
[     242ms] [ERROR] Failed to load resource: the server responded with a status of 404 (Not Found) @ http://localhost:3010/_vercel/insights/script.js:0
[     242ms] [ERROR] Refused to execute script from 'http://localhost:3010/_vercel/insights/script.js' because its MIME type ('text/html') is not executable, and strict MIME type checking is enabled. @ http://localhost:3010/table?id=5:0
[     243ms] [LOG] [Vercel Web Analytics] Failed to load script from /_vercel/insights/script.js. Be sure to enable Web Analytics for your project and deploy again. See https://vercel.com/docs/analytics/quickstart for more information. @ http://localhost:3010/_next/static/chunks/3873-1b15905c93cf1a9f.js:22
[     343ms] [ERROR] Failed to load resource: the server responded with a status of 404 (Not Found) @ http://localhost:3010/_vercel/speed-insights/script.js:0
[     343ms] [ERROR] Refused to execute script from 'http://localhost:3010/_vercel/speed-insights/script.js' because its MIME type ('text/html') is not executable, and strict MIME type checking is enabled. @ http://localhost:3010/table?id=5:0
[     343ms] [LOG] [Vercel Speed Insights] Failed to load script from /_vercel/speed-insights/script.js. Please check if any content blockers are enabled and try again. @ http://localhost:3010/_next/static/chunks/3873-1b15905c93cf1a9f.js:0
[  182618ms] [ERROR] Failed to load resource: net::ERR_CONNECTION_REFUSED @ http://localhost:3010/api/session/ping:0
[  182618ms] [ERROR] [masa] ping failed: TypeError: Failed to fetch
    at e (http://localhost:3010/_next/static/chunks/app/%5Blocale%5D/table/page-a1c356f7e9e99287.js:1:14726) @ http://localhost:3010/_next/static/chunks/app/%5Blocale%5D/table/page-a1c356f7e9e99287.js:0
[  242610ms] [ERROR] Failed to load resource: net::ERR_CONNECTION_REFUSED @ http://localhost:3010/api/session/ping:0
[  242611ms] [ERROR] [masa] ping failed: TypeError: Failed to fetch
    at e (http://localhost:3010/_next/static/chunks/app/%5Blocale%5D/table/page-a1c356f7e9e99287.js:1:14726) @ http://localhost:3010/_next/static/chunks/app/%5Blocale%5D/table/page-a1c356f7e9e99287.js:0
[  302618ms] [ERROR] Failed to load resource: net::ERR_CONNECTION_REFUSED @ http://localhost:3010/api/session/ping:0
[  302618ms] [ERROR] [masa] ping failed: TypeError: Failed to fetch
    at e (http://localhost:3010/_next/static/chunks/app/%5Blocale%5D/table/page-a1c356f7e9e99287.js:1:14726) @ http://localhost:3010/_next/static/chunks/app/%5Blocale%5D/table/page-a1c356f7e9e99287.js:0
[  362618ms] [ERROR] Failed to load resource: net::ERR_CONNECTION_REFUSED @ http://localhost:3010/api/session/ping:0
[  362618ms] [ERROR] [masa] ping failed: TypeError: Failed to fetch
    at e (http://localhost:3010/_next/static/chunks/app/%5Blocale%5D/table/page-a1c356f7e9e99287.js:1:14726) @ http://localhost:3010/_next/static/chunks/app/%5Blocale%5D/table/page-a1c356f7e9e99287.js:0
[  422619ms] [ERROR] Failed to load resource: net::ERR_CONNECTION_REFUSED @ http://localhost:3010/api/session/ping:0
[  422619ms] [ERROR] [masa] ping failed: TypeError: Failed to fetch
    at e (http://localhost:3010/_next/static/chunks/app/%5Blocale%5D/table/page-a1c356f7e9e99287.js:1:14726) @ http://localhost:3010/_next/static/chunks/app/%5Blocale%5D/table/page-a1c356f7e9e99287.js:0
[  464971ms] [ERROR] Failed to load resource: net::ERR_CONNECTION_REFUSED @ http://localhost:3010/img/menuCategorised/Soft%20drinks%20%26%20Beverages/cappuchino.webp:0
[  464973ms] [ERROR] Failed to load resource: net::ERR_CONNECTION_REFUSED @ http://localhost:3010/img/menuCategorised/Soft%20drinks%20%26%20Beverages/esspresso.webp:0
[  464974ms] [ERROR] Failed to load resource: net::ERR_CONNECTION_REFUSED @ http://localhost:3010/img/menuCategorised/Soft%20drinks%20%26%20Beverages/hot_choclate.webp:0
[  482591ms] [ERROR] Failed to load resource: net::ERR_CONNECTION_REFUSED @ http://localhost:3010/api/session/ping:0
[  482592ms] [ERROR] [masa] ping failed: TypeError: Failed to fetch
    at e (http://localhost:3010/_next/static/chunks/app/%5Blocale%5D/table/page-a1c356f7e9e99287.js:1:14726) @ http://localhost:3010/_next/static/chunks/app/%5Blocale%5D/table/page-a1c356f7e9e99287.js:0
[  501540ms] [ERROR] Failed to load resource: net::ERR_CONNECTION_REFUSED @ http://localhost:3010/img/menuCategorised/Soft%20drinks%20%26%20Beverages/cappuchino.webp:0
[  501541ms] [ERROR] Failed to load resource: net::ERR_CONNECTION_REFUSED @ http://localhost:3010/img/menuCategorised/Soft%20drinks%20%26%20Beverages/esspresso.webp:0
[  501541ms] [ERROR] Failed to load resource: net::ERR_CONNECTION_REFUSED @ http://localhost:3010/img/menuCategorised/Soft%20drinks%20%26%20Beverages/hot_choclate.webp:0
[  553581ms] [ERROR] Failed to load resource: net::ERR_CONNECTION_REFUSED @ http://localhost:3010/api/session/ping:0
[  553581ms] [ERROR] [masa] ping failed: TypeError: Failed to fetch
    at e (http://localhost:3010/_next/static/chunks/app/%5Blocale%5D/table/page-a1c356f7e9e99287.js:1:14726) @ http://localhost:3010/_next/static/chunks/app/%5Blocale%5D/table/page-a1c356f7e9e99287.js:0
[  613570ms] [ERROR] Failed to load resource: net::ERR_CONNECTION_REFUSED @ http://localhost:3010/api/session/ping:0
[  613570ms] [ERROR] [masa] ping failed: TypeError: Failed to fetch
    at e (http://localhost:3010/_next/static/chunks/app/%5Blocale%5D/table/page-a1c356f7e9e99287.js:1:14726) @ http://localhost:3010/_next/static/chunks/app/%5Blocale%5D/table/page-a1c356f7e9e99287.js:0
[  673559ms] [ERROR] Failed to load resource: net::ERR_CONNECTION_REFUSED @ http://localhost:3010/api/session/ping:0
[  673560ms] [ERROR] [masa] ping failed: TypeError: Failed to fetch
    at e (http://localhost:3010/_next/static/chunks/app/%5Blocale%5D/table/page-a1c356f7e9e99287.js:1:14726) @ http://localhost:3010/_next/static/chunks/app/%5Blocale%5D/table/page-a1c356f7e9e99287.js:0
[  733561ms] [ERROR] Failed to load resource: net::ERR_CONNECTION_REFUSED @ http://localhost:3010/api/session/ping:0
[  733561ms] [ERROR] [masa] ping failed: TypeError: Failed to fetch
    at e (http://localhost:3010/_next/static/chunks/app/%5Blocale%5D/table/page-a1c356f7e9e99287.js:1:14726) @ http://localhost:3010/_next/static/chunks/app/%5Blocale%5D/table/page-a1c356f7e9e99287.js:0
[  793574ms] [ERROR] Failed to load resource: net::ERR_CONNECTION_REFUSED @ http://localhost:3010/api/session/ping:0
[  793574ms] [ERROR] [masa] ping failed: TypeError: Failed to fetch
    at e (http://localhost:3010/_next/static/chunks/app/%5Blocale%5D/table/page-a1c356f7e9e99287.js:1:14726) @ http://localhost:3010/_next/static/chunks/app/%5Blocale%5D/table/page-a1c356f7e9e99287.js:0
[  853576ms] [ERROR] Failed to load resource: net::ERR_CONNECTION_REFUSED @ http://localhost:3010/api/session/ping:0
[  853576ms] [ERROR] [masa] ping failed: TypeError: Failed to fetch
    at e (http://localhost:3010/_next/static/chunks/app/%5Blocale%5D/table/page-a1c356f7e9e99287.js:1:14726) @ http://localhost:3010/_next/static/chunks/app/%5Blocale%5D/table/page-a1c356f7e9e99287.js:0
[  913567ms] [ERROR] Failed to load resource: net::ERR_CONNECTION_REFUSED @ http://localhost:3010/api/session/ping:0
[  913567ms] [ERROR] [masa] ping failed: TypeError: Failed to fetch
    at e (http://localhost:3010/_next/static/chunks/app/%5Blocale%5D/table/page-a1c356f7e9e99287.js:1:14726) @ http://localhost:3010/_next/static/chunks/app/%5Blocale%5D/table/page-a1c356f7e9e99287.js:0
[  973580ms] [ERROR] Failed to load resource: net::ERR_CONNECTION_REFUSED @ http://localhost:3010/api/session/ping:0
[  973580ms] [ERROR] [masa] ping failed: TypeError: Failed to fetch
    at e (http://localhost:3010/_next/static/chunks/app/%5Blocale%5D/table/page-a1c356f7e9e99287.js:1:14726) @ http://localhost:3010/_next/static/chunks/app/%5Blocale%5D/table/page-a1c356f7e9e99287.js:0
[ 1033586ms] [ERROR] Failed to load resource: net::ERR_CONNECTION_REFUSED @ http://localhost:3010/api/session/ping:0
[ 1033586ms] [ERROR] [masa] ping failed: TypeError: Failed to fetch
    at e (http://localhost:3010/_next/static/chunks/app/%5Blocale%5D/table/page-a1c356f7e9e99287.js:1:14726) @ http://localhost:3010/_next/static/chunks/app/%5Blocale%5D/table/page-a1c356f7e9e99287.js:0
[ 1093573ms] [ERROR] Failed to load resource: net::ERR_CONNECTION_REFUSED @ http://localhost:3010/api/session/ping:0
[ 1093574ms] [ERROR] [masa] ping failed: TypeError: Failed to fetch
    at e (http://localhost:3010/_next/static/chunks/app/%5Blocale%5D/table/page-a1c356f7e9e99287.js:1:14726) @ http://localhost:3010/_next/static/chunks/app/%5Blocale%5D/table/page-a1c356f7e9e99287.js:0
[ 1153576ms] [ERROR] Failed to load resource: net::ERR_CONNECTION_REFUSED @ http://localhost:3010/api/session/ping:0
[ 1153576ms] [ERROR] [masa] ping failed: TypeError: Failed to fetch
    at e (http://localhost:3010/_next/static/chunks/app/%5Blocale%5D/table/page-a1c356f7e9e99287.js:1:14726) @ http://localhost:3010/_next/static/chunks/app/%5Blocale%5D/table/page-a1c356f7e9e99287.js:0
[ 1213583ms] [ERROR] Failed to load resource: net::ERR_CONNECTION_REFUSED @ http://localhost:3010/api/session/ping:0
[ 1213583ms] [ERROR] [masa] ping failed: TypeError: Failed to fetch
    at e (http://localhost:3010/_next/static/chunks/app/%5Blocale%5D/table/page-a1c356f7e9e99287.js:1:14726) @ http://localhost:3010/_next/static/chunks/app/%5Blocale%5D/table/page-a1c356f7e9e99287.js:0
[ 1273566ms] [ERROR] Failed to load resource: net::ERR_CONNECTION_REFUSED @ http://localhost:3010/api/session/ping:0
[ 1273566ms] [ERROR] [masa] ping failed: TypeError: Failed to fetch
    at e (http://localhost:3010/_next/static/chunks/app/%5Blocale%5D/table/page-a1c356f7e9e99287.js:1:14726) @ http://localhost:3010/_next/static/chunks/app/%5Blocale%5D/table/page-a1c356f7e9e99287.js:0
[ 1333594ms] [ERROR] Failed to load resource: net::ERR_CONNECTION_REFUSED @ http://localhost:3010/api/session/ping:0
[ 1333594ms] [ERROR] [masa] ping failed: TypeError: Failed to fetch
    at e (http://localhost:3010/_next/static/chunks/app/%5Blocale%5D/table/page-a1c356f7e9e99287.js:1:14726) @ http://localhost:3010/_next/static/chunks/app/%5Blocale%5D/table/page-a1c356f7e9e99287.js:0
[ 1393580ms] [ERROR] Failed to load resource: net::ERR_CONNECTION_REFUSED @ http://localhost:3010/api/session/ping:0
[ 1393580ms] [ERROR] [masa] ping failed: TypeError: Failed to fetch
    at e (http://localhost:3010/_next/static/chunks/app/%5Blocale%5D/table/page-a1c356f7e9e99287.js:1:14726) @ http://localhost:3010/_next/static/chunks/app/%5Blocale%5D/table/page-a1c356f7e9e99287.js:0
[ 1453577ms] [ERROR] Failed to load resource: net::ERR_CONNECTION_REFUSED @ http://localhost:3010/api/session/ping:0
[ 1453577ms] [ERROR] [masa] ping failed: TypeError: Failed to fetch
    at e (http://localhost:3010/_next/static/chunks/app/%5Blocale%5D/table/page-a1c356f7e9e99287.js:1:14726) @ http://localhost:3010/_next/static/chunks/app/%5Blocale%5D/table/page-a1c356f7e9e99287.js:0
[ 1513584ms] [ERROR] Failed to load resource: net::ERR_CONNECTION_REFUSED @ http://localhost:3010/api/session/ping:0
[ 1513584ms] [ERROR] [masa] ping failed: TypeError: Failed to fetch
    at e (http://localhost:3010/_next/static/chunks/app/%5Blocale%5D/table/page-a1c356f7e9e99287.js:1:14726) @ http://localhost:3010/_next/static/chunks/app/%5Blocale%5D/table/page-a1c356f7e9e99287.js:0
[ 1573571ms] [ERROR] Failed to load resource: net::ERR_CONNECTION_REFUSED @ http://localhost:3010/api/session/ping:0
[ 1573571ms] [ERROR] [masa] ping failed: TypeError: Failed to fetch
    at e (http://localhost:3010/_next/static/chunks/app/%5Blocale%5D/table/page-a1c356f7e9e99287.js:1:14726) @ http://localhost:3010/_next/static/chunks/app/%5Blocale%5D/table/page-a1c356f7e9e99287.js:0
[ 1633576ms] [ERROR] Failed to load resource: net::ERR_CONNECTION_REFUSED @ http://localhost:3010/api/session/ping:0
[ 1633576ms] [ERROR] [masa] ping failed: TypeError: Failed to fetch
    at e (http://localhost:3010/_next/static/chunks/app/%5Blocale%5D/table/page-a1c356f7e9e99287.js:1:14726) @ http://localhost:3010/_next/static/chunks/app/%5Blocale%5D/table/page-a1c356f7e9e99287.js:0
[ 1693584ms] [ERROR] Failed to load resource: net::ERR_CONNECTION_REFUSED @ http://localhost:3010/api/session/ping:0
[ 1693584ms] [ERROR] [masa] ping failed: TypeError: Failed to fetch
    at e (http://localhost:3010/_next/static/chunks/app/%5Blocale%5D/table/page-a1c356f7e9e99287.js:1:14726) @ http://localhost:3010/_next/static/chunks/app/%5Blocale%5D/table/page-a1c356f7e9e99287.js:0
[ 1753585ms] [ERROR] Failed to load resource: net::ERR_CONNECTION_REFUSED @ http://localhost:3010/api/session/ping:0
[ 1753585ms] [ERROR] [masa] ping failed: TypeError: Failed to fetch
    at e (http://localhost:3010/_next/static/chunks/app/%5Blocale%5D/table/page-a1c356f7e9e99287.js:1:14726) @ http://localhost:3010/_next/static/chunks/app/%5Blocale%5D/table/page-a1c356f7e9e99287.js:0
[ 1813578ms] [ERROR] Failed to load resource: net::ERR_CONNECTION_REFUSED @ http://localhost:3010/api/session/ping:0
[ 1813578ms] [ERROR] [masa] ping failed: TypeError: Failed to fetch
    at e (http://localhost:3010/_next/static/chunks/app/%5Blocale%5D/table/page-a1c356f7e9e99287.js:1:14726) @ http://localhost:3010/_next/static/chunks/app/%5Blocale%5D/table/page-a1c356f7e9e99287.js:0
[ 1873578ms] [ERROR] Failed to load resource: net::ERR_CONNECTION_REFUSED @ http://localhost:3010/api/session/ping:0
[ 1873578ms] [ERROR] [masa] ping failed: TypeError: Failed to fetch
    at e (http://localhost:3010/_next/static/chunks/app/%5Blocale%5D/table/page-a1c356f7e9e99287.js:1:14726) @ http://localhost:3010/_next/static/chunks/app/%5Blocale%5D/table/page-a1c356f7e9e99287.js:0
[ 1933567ms] [ERROR] Failed to load resource: net::ERR_CONNECTION_REFUSED @ http://localhost:3010/api/session/ping:0
[ 1933568ms] [ERROR] [masa] ping failed: TypeError: Failed to fetch
    at e (http://localhost:3010/_next/static/chunks/app/%5Blocale%5D/table/page-a1c356f7e9e99287.js:1:14726) @ http://localhost:3010/_next/static/chunks/app/%5Blocale%5D/table/page-a1c356f7e9e99287.js:0
[ 1993581ms] [ERROR] Failed to load resource: net::ERR_CONNECTION_REFUSED @ http://localhost:3010/api/session/ping:0
[ 1993582ms] [ERROR] [masa] ping failed: TypeError: Failed to fetch
    at e (http://localhost:3010/_next/static/chunks/app/%5Blocale%5D/table/page-a1c356f7e9e99287.js:1:14726) @ http://localhost:3010/_next/static/chunks/app/%5Blocale%5D/table/page-a1c356f7e9e99287.js:0
